pytest : I:\Anaconda\Lib\sit
e-packages\pytest_asyncio\pl
ugin.py:217: 
PytestDeprecationWarning: 
The configuration option "as
yncio_default_fixture_loop_s
cope" is unset.
At line:1 char:1
+ pytest tests/unit > 
test_output.txt 2>&1
+ ~~~~~~~~~~~~~~~~~~~~~~~~~~
~~~~~~~~~~~~~~
    + CategoryInfo          
    : NotSpecified: (I:\An  
  aconda\Lib...cope" is u   
 nset.:String) [], Remot    
eException
    + FullyQualifiedErrorId 
    : NativeCommandError
 
The event loop scope for 
asynchronous fixtures will 
default to the fixture 
caching scope. Future 
versions of pytest-asyncio 
will default the loop scope 
for asynchronous fixtures 
to function scope. Set the 
default fixture loop scope 
explicitly in order to 
avoid unexpected behavior 
in the future. Valid 
fixture loop scopes are: 
"function", "class", 
"module", "package", 
"session"

  warnings.warn(PytestDeprec
ationWarning(_DEFAULT_FIXTUR
E_LOOP_SCOPE_UNSET))
============================= test session starts =============================
platform win32 -- Python 3.13.5, pytest-8.3.4, pluggy-1.5.0
codspeed: 3.2.0 (disabled, mode: walltime, timer_resolution: 100.0ns)
benchmark: 5.1.0 (defaults: timer=time.perf_counter disable_gc=False min_rounds=5 min_time=0.000005 max_time=1.0 calibration_precision=10 warmup=False warmup_iterations=100000)
rootdir: C:\Users\vk557\Downloads\4th YEAR project\NEXORA AI
plugins: anyio-4.11.0, langsmith-0.4.11, asyncio-0.26.0, benchmark-5.1.0, codspeed-3.2.0, recording-0.13.4, socket-0.7.0, syrupy-4.9.1
asyncio: mode=Mode.STRICT, asyncio_default_fixture_loop_scope=None, asyncio_default_test_loop_scope=function
collected 0 items / 1 error

=================================== ERRORS ====================================
_______________ ERROR collecting tests/unit/test_components.py ________________
ImportError while importing test module 'C:\Users\vk557\Downloads\4th YEAR project\NEXORA AI\tests\unit\test_components.py'.
Hint: make sure your test modules/packages have valid Python names.
Traceback:
I:\Anaconda\Lib\importlib\__init__.py:88: in import_module
    return _bootstrap._gcd_import(name[level:], package, level)
tests\unit\test_components.py:3: in <module>
    from nexora.validation.schema_validator import SchemaValidator
E   ModuleNotFoundError: No module named 'nexora'
=========================== short test summary info ===========================
ERROR tests/unit/test_components.py
!!!!!!!!!!!!!!!!!!! Interrupted: 1 error during collection !!!!!!!!!!!!!!!!!!!!
============================== 1 error in 2.12s ===============================
